// Jest Snapshot v1, https://goo.gl/fbAQLP

exports[`should renders correctly 1`] = `
.c0 {
  background: #fff;
  padding: 24px;
  min-height: calc(100vh - 186px);
}

<div
  className="c0"
>
  somthing
</div>
`;
