// Jest Snapshot v1, https://goo.gl/fbAQLP

exports[`should renders correctly 1`] = `
.c0 {
  font-size: 2rem;
  padding: 15px 0;
}

<div
  className="c0"
>
  somthing
</div>
`;
